# Server
redis_version:2.8.9
redis_git_sha1:00000000
redis_git_dirty:0
redis_build_id:9ccc8119ea98f6e1
redis_mode:standalone
os:Darwin 14.0.0 x86_64
arch_bits:64
multiplexing_api:kqueue
gcc_version:4.2.1
process_id:993
run_id:38e846e2bc5caec67313a8c6d7be176e85a91b40
tcp_port:6379
uptime_in_seconds:87822
uptime_in_days:1
hz:10
lru_clock:10645982
config_file:/usr/local/etc/redis.conf

# Clients
connected_clients:1
client_longest_output_list:0
client_biggest_input_buf:0
blocked_clients:0

# Memory
used_memory:1005024
used_memory_human:981.47K
used_memory_rss:516096
used_memory_peak:1005024
used_memory_peak_human:981.47K
used_memory_lua:33792
mem_fragmentation_ratio:0.51
mem_allocator:libc

# Persistence
loading:0
rdb_changes_since_last_save:0
rdb_bgsave_in_progress:0
rdb_last_save_time:1419844304
rdb_last_bgsave_status:ok
rdb_last_bgsave_time_sec:-1
rdb_current_bgsave_time_sec:-1
aof_enabled:0
aof_rewrite_in_progress:0
aof_rewrite_scheduled:0
aof_last_rewrite_time_sec:-1
aof_current_rewrite_time_sec:-1
aof_last_bgrewrite_status:ok
aof_last_write_status:ok

# Stats
total_connections_received:2
total_commands_processed:1
instantaneous_ops_per_sec:0
rejected_connections:0
sync_full:0
sync_partial_ok:0
sync_partial_err:0
expired_keys:0
evicted_keys:0
keyspace_hits:0
keyspace_misses:0
pubsub_channels:0
pubsub_patterns:0
latest_fork_usec:0

# Replication
role:master
connected_slaves:0
master_repl_offset:0
repl_backlog_active:0
repl_backlog_size:1048576
repl_backlog_first_byte_offset:0
repl_backlog_histlen:0

# CPU
used_cpu_sys:15.67
used_cpu_user:5.80
used_cpu_sys_children:0.00
used_cpu_user_children:0.00

# Keyspace
db0:keys=4,expires=0,avg_ttl=0
